<h1>El Pagio titleio</h1>
<p>El text text text</p>
<p>bar</p>