<div>level 1</div>
<div>level 2</div>
<div>level 3</div>