<html>
	<h1>Title from main template</h1>
	<p>content from sub template</p>
	<p>content from sub directory template</p>
</html>