<h1>Page title</h1>
<strong>This is bold text</strong>