<h1>Page title</h1>
<p>This is the first paragraph, this paragraph contains <a href="http://bbc.co.uk/">a link</a></p><p>This second paragraph contains <strong>bolded</strong> text.</p>