<h1>Page title</h1>
<a href="http://bbc.co.uk/">This is a link</a>