<h1>Page title</h1>
<p>Page texty text</p>
<p>bar</p>